Archive member included to satisfy reference by file (symbol)

d:/tool/gcc-arm-none-eabi-10.3-2021.10/bin/../lib/gcc/arm-none-eabi/10.3.1/../../../../arm-none-eabi/lib/thumb/v7-m/nofp\libg.a(lib_a-errno.o)
                              CMakeFiles/C8T6_OLED_Snake.elf.dir/Core/Src/syscalls.c.obj (__errno)
d:/tool/gcc-arm-none-eabi-10.3-2021.10/bin/../lib/gcc/arm-none-eabi/10.3.1/../../../../arm-none-eabi/lib/thumb/v7-m/nofp\libg.a(lib_a-exit.o)
                              d:/tool/gcc-arm-none-eabi-10.3-2021.10/bin/../lib/gcc/arm-none-eabi/10.3.1/../../../../arm-none-eabi/lib/thumb/v7-m/nofp/crt0.o (exit)
d:/tool/gcc-arm-none-eabi-10.3-2021.10/bin/../lib/gcc/arm-none-eabi/10.3.1/../../../../arm-none-eabi/lib/thumb/v7-m/nofp\libg.a(lib_a-impure.o)
                              d:/tool/gcc-arm-none-eabi-10.3-2021.10/bin/../lib/gcc/arm-none-eabi/10.3.1/../../../../arm-none-eabi/lib/thumb/v7-m/nofp\libg.a(lib_a-exit.o) (_global_impure_ptr)
d:/tool/gcc-arm-none-eabi-10.3-2021.10/bin/../lib/gcc/arm-none-eabi/10.3.1/../../../../arm-none-eabi/lib/thumb/v7-m/nofp\libg.a(lib_a-init.o)
                              d:/tool/gcc-arm-none-eabi-10.3-2021.10/bin/../lib/gcc/arm-none-eabi/10.3.1/../../../../arm-none-eabi/lib/thumb/v7-m/nofp/crt0.o (__libc_init_array)
d:/tool/gcc-arm-none-eabi-10.3-2021.10/bin/../lib/gcc/arm-none-eabi/10.3.1/../../../../arm-none-eabi/lib/thumb/v7-m/nofp\libg.a(lib_a-malloc.o)
                              CMakeFiles/C8T6_OLED_Snake.elf.dir/Core/Src/snake.c.obj (malloc)
d:/tool/gcc-arm-none-eabi-10.3-2021.10/bin/../lib/gcc/arm-none-eabi/10.3.1/../../../../arm-none-eabi/lib/thumb/v7-m/nofp\libg.a(lib_a-mallocr.o)
                              d:/tool/gcc-arm-none-eabi-10.3-2021.10/bin/../lib/gcc/arm-none-eabi/10.3.1/../../../../arm-none-eabi/lib/thumb/v7-m/nofp\libg.a(lib_a-malloc.o) (_malloc_r)
d:/tool/gcc-arm-none-eabi-10.3-2021.10/bin/../lib/gcc/arm-none-eabi/10.3.1/../../../../arm-none-eabi/lib/thumb/v7-m/nofp\libg.a(lib_a-memset.o)
                              d:/tool/gcc-arm-none-eabi-10.3-2021.10/bin/../lib/gcc/arm-none-eabi/10.3.1/../../../../arm-none-eabi/lib/thumb/v7-m/nofp/crt0.o (memset)
d:/tool/gcc-arm-none-eabi-10.3-2021.10/bin/../lib/gcc/arm-none-eabi/10.3.1/../../../../arm-none-eabi/lib/thumb/v7-m/nofp\libg.a(lib_a-mlock.o)
                              d:/tool/gcc-arm-none-eabi-10.3-2021.10/bin/../lib/gcc/arm-none-eabi/10.3.1/../../../../arm-none-eabi/lib/thumb/v7-m/nofp\libg.a(lib_a-mallocr.o) (__malloc_lock)
d:/tool/gcc-arm-none-eabi-10.3-2021.10/bin/../lib/gcc/arm-none-eabi/10.3.1/../../../../arm-none-eabi/lib/thumb/v7-m/nofp\libg.a(lib_a-sbrkr.o)
                              d:/tool/gcc-arm-none-eabi-10.3-2021.10/bin/../lib/gcc/arm-none-eabi/10.3.1/../../../../arm-none-eabi/lib/thumb/v7-m/nofp\libg.a(lib_a-mallocr.o) (_sbrk_r)
d:/tool/gcc-arm-none-eabi-10.3-2021.10/bin/../lib/gcc/arm-none-eabi/10.3.1/../../../../arm-none-eabi/lib/thumb/v7-m/nofp\libg.a(lib_a-__call_atexit.o)
                              d:/tool/gcc-arm-none-eabi-10.3-2021.10/bin/../lib/gcc/arm-none-eabi/10.3.1/../../../../arm-none-eabi/lib/thumb/v7-m/nofp\libg.a(lib_a-exit.o) (__call_exitprocs)
d:/tool/gcc-arm-none-eabi-10.3-2021.10/bin/../lib/gcc/arm-none-eabi/10.3.1/../../../../arm-none-eabi/lib/thumb/v7-m/nofp\libg.a(lib_a-atexit.o)
                              d:/tool/gcc-arm-none-eabi-10.3-2021.10/bin/../lib/gcc/arm-none-eabi/10.3.1/../../../../arm-none-eabi/lib/thumb/v7-m/nofp\libg.a(lib_a-__call_atexit.o) (atexit)
d:/tool/gcc-arm-none-eabi-10.3-2021.10/bin/../lib/gcc/arm-none-eabi/10.3.1/../../../../arm-none-eabi/lib/thumb/v7-m/nofp\libg.a(lib_a-fini.o)
                              d:/tool/gcc-arm-none-eabi-10.3-2021.10/bin/../lib/gcc/arm-none-eabi/10.3.1/../../../../arm-none-eabi/lib/thumb/v7-m/nofp\libg.a(lib_a-__call_atexit.o) (__libc_fini_array)
d:/tool/gcc-arm-none-eabi-10.3-2021.10/bin/../lib/gcc/arm-none-eabi/10.3.1/../../../../arm-none-eabi/lib/thumb/v7-m/nofp\libg.a(lib_a-freer.o)
                              d:/tool/gcc-arm-none-eabi-10.3-2021.10/bin/../lib/gcc/arm-none-eabi/10.3.1/../../../../arm-none-eabi/lib/thumb/v7-m/nofp\libg.a(lib_a-malloc.o) (_free_r)
d:/tool/gcc-arm-none-eabi-10.3-2021.10/bin/../lib/gcc/arm-none-eabi/10.3.1/../../../../arm-none-eabi/lib/thumb/v7-m/nofp\libg.a(lib_a-lock.o)
                              d:/tool/gcc-arm-none-eabi-10.3-2021.10/bin/../lib/gcc/arm-none-eabi/10.3.1/../../../../arm-none-eabi/lib/thumb/v7-m/nofp\libg.a(lib_a-mlock.o) (__retarget_lock_acquire_recursive)
d:/tool/gcc-arm-none-eabi-10.3-2021.10/bin/../lib/gcc/arm-none-eabi/10.3.1/../../../../arm-none-eabi/lib/thumb/v7-m/nofp\libg.a(lib_a-reent.o)
                              d:/tool/gcc-arm-none-eabi-10.3-2021.10/bin/../lib/gcc/arm-none-eabi/10.3.1/../../../../arm-none-eabi/lib/thumb/v7-m/nofp\libg.a(lib_a-sbrkr.o) (errno)
d:/tool/gcc-arm-none-eabi-10.3-2021.10/bin/../lib/gcc/arm-none-eabi/10.3.1/../../../../arm-none-eabi/lib/thumb/v7-m/nofp\libg.a(lib_a-__atexit.o)
[...]
Memory Configuration

Name             Origin             Length             Attributes
RAM              0x20000000         0x00005000         xrw
FLASH            0x08000000         0x00010000         xr
*default*        0x00000000         0xffffffff

Linker script and memory map

LOAD d:/tool/gcc-arm-none-eabi-10.3-2021.10/bin/../lib/gcc/arm-none-eabi/10.3.1/thumb/v7-m/nofp/crti.o
LOAD d:/tool/gcc-arm-none-eabi-10.3-2021.10/bin/../lib/gcc/arm-none-eabi/10.3.1/thumb/v7-m/nofp/crtbegin.o
LOAD d:/tool/gcc-arm-none-eabi-10.3-2021.10/bin/../lib/gcc/arm-none-eabi/10.3.1/../../../../arm-none-eabi/lib/thumb/v7-m/nofp/crt0.o
LOAD CMakeFiles/C8T6_OLED_Snake.elf.dir/Core/Src/adc.c.obj
LOAD CMakeFiles/C8T6_OLED_Snake.elf.dir/Core/Src/encoder.c.obj
LOAD CMakeFiles/C8T6_OLED_Snake.elf.dir/Core/Src/gpio.c.obj
LOAD CMakeFiles/C8T6_OLED_Snake.elf.dir/Core/Src/main.c.obj
LOAD CMakeFiles/C8T6_OLED_Snake.elf.dir/Core/Src/oled.c.obj
LOAD CMakeFiles/C8T6_OLED_Snake.elf.dir/Core/Src/snake.c.obj
LOAD CMakeFiles/C8T6_OLED_Snake.elf.dir/Core/Src/stm32f1xx_hal_msp.c.obj
LOAD CMakeFiles/C8T6_OLED_Snake.elf.dir/Core/Src/stm32f1xx_it.c.obj
LOAD CMakeFiles/C8T6_OLED_Snake.elf.dir/Core/Src/sys.c.obj
LOAD CMakeFiles/C8T6_OLED_Snake.elf.dir/Core/Src/syscalls.c.obj
LOAD CMakeFiles/C8T6_OLED_Snake.elf.dir/Core/Src/system_stm32f1xx.c.obj
LOAD CMakeFiles/C8T6_OLED_Snake.elf.dir/Core/Src/tim.c.obj
LOAD CMakeFiles/C8T6_OLED_Snake.elf.dir/Drivers/STM32F1xx_HAL_Driver/Src/stm32f1xx_hal.c.obj
LOAD CMakeFiles/C8T6_OLED_Snake.elf.dir/Drivers/STM32F1xx_HAL_Driver/Src/stm32f1xx_hal_adc.c.obj
LOAD CMakeFiles/C8T6_OLED_Snake.elf.dir/Drivers/STM32F1xx_HAL_Driver/Src/stm32f1xx_hal_adc_ex.c.obj
LOAD CMakeFiles/C8T6_OLED_Snake.elf.dir/Drivers/STM32F1xx_HAL_Driver/Src/stm32f1xx_hal_cortex.c.obj
LOAD CMakeFiles/C8T6_OLED_Snake.elf.dir/Drivers/STM32F1xx_HAL_Driver/Src/stm32f1xx_hal_dma.c.obj
LOAD CMakeFiles/C8T6_OLED_Snake.elf.dir/Drivers/STM32F1xx_HAL_Driver/Src/stm32f1xx_hal_exti.c.obj
LOAD CMakeFiles/C8T6_OLED_Snake.elf.dir/Drivers/STM32F1xx_HAL_Driver/Src/stm32f1xx_hal_flash.c.obj
LOAD CMakeFiles/C8T6_OLED_Snake.elf.dir/Drivers/STM32F1xx_HAL_Driver/Src/stm32f1xx_hal_flash_ex.c.obj
LOAD CMakeFiles/C8T6_OLED_Snake.elf.dir/Drivers/STM32F1xx_HAL_Driver/Src/stm32f1xx_hal_gpio.c.obj
LOAD CMakeFiles/C8T6_OLED_Snake.elf.dir/Drivers/STM32F1xx_HAL_Driver/Src/stm32f1xx_hal_gpio_ex.c.obj
LOAD CMakeFiles/C8T6_OLED_Snake.elf.dir/Drivers/STM32F1xx_HAL_Driver/Src/stm32f1xx_hal_pwr.c.obj
LOAD CMakeFiles/C8T6_OLED_Snake.elf.dir/Drivers/STM32F1xx_HAL_Driver/Src/stm32f1xx_hal_rcc.c.obj
LOAD CMakeFiles/C8T6_OLED_Snake.elf.dir/Drivers/STM32F1xx_HAL_Driver/Src/stm32f1xx_hal_rcc_ex.c.obj
LOAD CMakeFiles/C8T6_OLED_Snake.elf.dir/Drivers/STM32F1xx_HAL_Driver/Src/stm32f1xx_hal_tim.c.obj
LOAD CMakeFiles/C8T6_OLED_Snake.elf.dir/Drivers/STM32F1xx_HAL_Driver/Src/stm32f1xx_hal_tim_ex.c.obj
LOAD CMakeFiles/C8T6_OLED_Snake.elf.dir/startup/startup_stm32f103xb.s.obj
START GROUP
LOAD d:/tool/gcc-arm-none-eabi-10.3-2021.10/bin/../lib/gcc/arm-none-eabi/10.3.1/thumb/v7-m/nofp\libgcc.a
LOAD d:/tool/gcc-arm-none-eabi-10.3-2021.10/bin/../lib/gcc/arm-none-eabi/10.3.1/../../../../arm-none-eabi/lib/thumb/v7-m/nofp\libg.a
LOAD d:/tool/gcc-arm-none-eabi-10.3-2021.10/bin/../lib/gcc/arm-none-eabi/10.3.1/../../../../arm-none-eabi/lib/thumb/v7-m/nofp\libc.a
END GROUP
LOAD d:/tool/gcc-arm-none-eabi-10.3-2021.10/bin/../lib/gcc/arm-none-eabi/10.3.1/thumb/v7-m/nofp/crtend.o
LOAD d:/tool/gcc-arm-none-eabi-10.3-2021.10/bin/../lib/gcc/arm-none-eabi/10.3.1/thumb/v7-m/nofp/crtn.o
                0x20005000                _estack = (ORIGIN (RAM) + LENGTH (RAM))
                0x00000200                _Min_Heap_Size = 0x200
                0x00000400                _Min_Stack_Size = 0x400

.isr_vector     0x08000000      0x10c
                0x08000000                . = ALIGN (0x4)
 *(.isr_vector)
 .isr_vector    0x08000000      0x10c CMakeFiles/C8T6_OLED_Snake.elf.dir/startup/startup_stm32f103xb.s.obj
                0x08000000                g_pfnVectors
                0x0800010c                . = ALIGN (0x4)

.text           0x0800010c     0x27d4
                0x0800010c                . = ALIGN (0x4)
 *(.text)
 .text          0x0800010c       0x40 d:/tool/gcc-arm-none-eabi-10.3-2021.10/bin/../lib/gcc/arm-none-eabi/10.3.1/thumb/v7-m/nofp/crtbegin.o
 *(.text*)
 .text.MX_ADC1_Init
                0x0800014c       0x5c CMakeFiles/C8T6_OLED_Snake.elf.dir/Core/Src/adc.c.obj
                0x0800014c                MX_ADC1_Init
 .text.HAL_ADC_MspInit
                0x080001a8       0x60 CMakeFiles/C8T6_OLED_Snake.elf.dir/Core/Src/adc.c.obj
                0x080001a8                HAL_ADC_MspInit
 .text.Read_Encoder
                0x08000208       0x40 CMakeFiles/C8T6_OLED_Snake.elf.dir/Core/Src/encoder.c.obj
                0x08000208                Read_Encoder
 .text.My_Abs   0x08000248        0xa CMakeFiles/C8T6_OLED_Snake.elf.dir/Core/Src/encoder.c.obj
                0x08000248                My_Abs
 *fill*         0x08000252        0x2 
 .text.Encoder_Choose
                0x08000254       0xe0 CMakeFiles/C8T6_OLED_Snake.elf.dir/Core/Src/encoder.c.obj
                0x08000254                Encoder_Choose
 .text.MX_GPIO_Init
                0x08000334      0x11c CMakeFiles/C8T6_OLED_Snake.elf.dir/Core/Src/gpio.c.obj
                0x08000334                MX_GPIO_Init
 .text.Error_Handler
                0x08000450        0x4 CMakeFiles/C8T6_OLED_Snake.elf.dir/Core/Src/main.c.obj
                0x08000450                Error_Handler
 .text.SystemClock_Config
                0x08000454       0x7e CMakeFiles/C8T6_OLED_Snake.elf.dir/Core/Src/main.c.obj
                0x08000454                SystemClock_Config
 .text.main     0x080004d2       0x3e CMakeFiles/C8T6_OLED_Snake.elf.dir/Core/Src/main.c.obj
                0x080004d2                main
 .text.OLED_WR_Byte
                0x08000510       0x5c CMakeFiles/C8T6_OLED_Snake.elf.dir/Core/Src/oled.c.obj
                0x08000510                OLED_WR_Byte
 .text.OLED_Refresh_Gram
                0x0800056c       0x4c CMakeFiles/C8T6_OLED_Snake.elf.dir/Core/Src/oled.c.obj
                0x0800056c                OLED_Refresh_Gram
 .text.OLED_Clear
                0x080005b8       0x30 CMakeFiles/C8T6_OLED_Snake.elf.dir/Core/Src/oled.c.obj
                0x080005b8                OLED_Clear
 .text.OLED_DrawPoint
                0x080005e8       0x50 CMakeFiles/C8T6_OLED_Snake.elf.dir/Core/Src/oled.c.obj
                0x080005e8                OLED_DrawPoint
 .text.OLED_ShowChar
                0x08000638       0xa0 CMakeFiles/C8T6_OLED_Snake.elf.dir/Core/Src/oled.c.obj
                0x08000638                OLED_ShowChar
 .text.oled_pow
                0x080006d8       0x16 CMakeFiles/C8T6_OLED_Snake.elf.dir/Core/Src/oled.c.obj
                0x080006d8                oled_pow
 *fill*         0x080006ee        0x2 
 .text.OLED_ShowNumber
                0x080006f0       0x9c CMakeFiles/C8T6_OLED_Snake.elf.dir/Core/Src/oled.c.obj
                0x080006f0                OLED_ShowNumber
 .text.OLED_Init
                0x0800078c       0xe8 CMakeFiles/C8T6_OLED_Snake.elf.dir/Core/Src/oled.c.obj
                0x0800078c                OLED_Init
 .text.listCheck
                0x08000874       0x42 CMakeFiles/C8T6_OLED_Snake.elf.dir/Core/Src/snake.c.obj
 .text.ListTailMoveToHead
                0x080008b6       0x14 CMakeFiles/C8T6_OLED_Snake.elf.dir/Core/Src/snake.c.obj
 *fill*         0x080008ca        0x2 
 .text.Snake_TouchSelf
                0x080008cc       0x30 CMakeFiles/C8T6_OLED_Snake.elf.dir/Core/Src/snake.c.obj
 .text.createList
                0x080008fc       0x12 CMakeFiles/C8T6_OLED_Snake.elf.dir/Core/Src/snake.c.obj
 .text.createNode
                0x0800090e       0x18 CMakeFiles/C8T6_OLED_Snake.elf.dir/Core/Src/snake.c.obj
                0x0800090e                createNode
 .text.InsertNodeByHead
                0x08000926       0x2e CMakeFiles/C8T6_OLED_Snake.elf.dir/Core/Src/snake.c.obj
 .text.Snake_Draw_Erase_OneJoint
                0x08000954       0x38 CMakeFiles/C8T6_OLED_Snake.elf.dir/Core/Src/snake.c.obj
                0x08000954                Snake_Draw_Erase_OneJoint
 .text.Snake_Update_HeadXY
                0x0800098c       0x78 CMakeFiles/C8T6_OLED_Snake.elf.dir/Core/Src/snake.c.obj
                0x0800098c                Snake_Update_HeadXY
 .text.Snake_Update_EndXY
                0x08000a04       0x80 CMakeFiles/C8T6_OLED_Snake.elf.dir/Core/Src/snake.c.obj
                0x08000a04                Snake_Update_EndXY
 .text.Snake_Update_BodyXY
                0x08000a84       0x50 CMakeFiles/C8T6_OLED_Snake.elf.dir/Core/Src/snake.c.obj
                0x08000a84                Snake_Update_BodyXY
 .text.Snake_Display_Init
                0x08000ad4       0x84 CMakeFiles/C8T6_OLED_Snake.elf.dir/Core/Src/snake.c.obj
                0x08000ad4                Snake_Display_Init
 .text.Snake_Move
                0x08000b58       0x70 CMakeFiles/C8T6_OLED_Snake.elf.dir/Core/Src/snake.c.obj
                0x08000b58                Snake_Move
 .text.Snake_Move_Encoder
                0x08000bc8       0x30 CMakeFiles/C8T6_OLED_Snake.elf.dir/Core/Src/snake.c.obj
                0x08000bc8                Snake_Move_Encoder
 .text.HAL_MspInit
                0x08000bf8       0x4c CMakeFiles/C8T6_OLED_Snake.elf.dir/Core/Src/stm32f1xx_hal_msp.c.obj
                0x08000bf8                HAL_MspInit
 .text.NMI_Handler
                0x08000c44        0x2 CMakeFiles/C8T6_OLED_Snake.elf.dir/Core/Src/stm32f1xx_it.c.obj
                0x08000c44                NMI_Handler
 .text.HardFault_Handler
                0x08000c46        0x2 CMakeFiles/C8T6_OLED_Snake.elf.dir/Core/Src/stm32f1xx_it.c.obj
                0x08000c46                HardFault_Handler
 .text.MemManage_Handler
                0x08000c48        0x2 CMakeFiles/C8T6_OLED_Snake.elf.dir/Core/Src/stm32f1xx_it.c.obj
                0x08000c48                MemManage_Handler
 .text.BusFault_Handler
                0x08000c4a        0x2 CMakeFiles/C8T6_OLED_Snake.elf.dir/Core/Src/stm32f1xx_it.c.obj
                0x08000c4a                BusFault_Handler
 .text.UsageFault_Handler
                0x08000c4c        0x2 CMakeFiles/C8T6_OLED_Snake.elf.dir/Core/Src/stm32f1xx_it.c.obj
                0x08000c4c                UsageFault_Handler
 .text.SVC_Handler
                0x08000c4e        0x2 CMakeFiles/C8T6_OLED_Snake.elf.dir/Core/Src/stm32f1xx_it.c.obj
                0x08000c4e                SVC_Handler
 .text.DebugMon_Handler
                0x08000c50        0x2 CMakeFiles/C8T6_OLED_Snake.elf.dir/Core/Src/stm32f1xx_it.c.obj
                0x08000c50                DebugMon_Handler
 .text.PendSV_Handler
                0x08000c52        0x2 CMakeFiles/C8T6_OLED_Snake.elf.dir/Core/Src/stm32f1xx_it.c.obj
                0x08000c52                PendSV_Handler
 .text.SysTick_Handler
                0x08000c54        0x8 CMakeFiles/C8T6_OLED_Snake.elf.dir/Core/Src/stm32f1xx_it.c.obj
                0x08000c54                SysTick_Handler
 .text.EXTI15_10_IRQHandler
                0x08000c5c        0xc CMakeFiles/C8T6_OLED_Snake.elf.dir/Core/Src/stm32f1xx_it.c.obj
                0x08000c5c                EXTI15_10_IRQHandler
 .text._sbrk    0x08000c68       0x3c CMakeFiles/C8T6_OLED_Snake.elf.dir/Core/Src/syscalls.c.obj
                0x08000c68                _sbrk
 .text.SystemInit
                0x08000ca4        0x2 CMakeFiles/C8T6_OLED_Snake.elf.dir/Core/Src/system_stm32f1xx.c.obj
                0x08000ca4                SystemInit
 *fill*         0x08000ca6        0x2 
 .text.MX_TIM2_Init
                0x08000ca8       0x70 CMakeFiles/C8T6_OLED_Snake.elf.dir/Core/Src/tim.c.obj
                0x08000ca8                MX_TIM2_Init
 .text.MX_TIM4_Init
                0x08000d18       0x70 CMakeFiles/C8T6_OLED_Snake.elf.dir/Core/Src/tim.c.obj
                0x08000d18                MX_TIM4_Init
 .text.HAL_TIM_Encoder_MspInit
                0x08000d88       0x9c CMakeFiles/C8T6_OLED_Snake.elf.dir/Core/Src/tim.c.obj
                0x08000d88                HAL_TIM_Encoder_MspInit
 .text.HAL_InitTick
                0x08000e24       0x4c CMakeFiles/C8T6_OLED_Snake.elf.dir/Drivers/STM32F1xx_HAL_Driver/Src/stm32f1xx_hal.c.obj
                0x08000e24                HAL_InitTick
 .text.HAL_Init
                0x08000e70       0x24 CMakeFiles/C8T6_OLED_Snake.elf.dir/Drivers/STM32F1xx_HAL_Driver/Src/stm32f1xx_hal.c.obj
                0x08000e70                HAL_Init
 .text.HAL_IncTick
                0x08000e94       0x18 CMakeFiles/C8T6_OLED_Snake.elf.dir/Drivers/STM32F1xx_HAL_Driver/Src/stm32f1xx_hal.c.obj
                0x08000e94                HAL_IncTick
 .text.HAL_GetTick
                0x08000eac        0xc CMakeFiles/C8T6_OLED_Snake.elf.dir/Drivers/STM32F1xx_HAL_Driver/Src/stm32f1xx_hal.c.obj
                0x08000eac                HAL_GetTick
 .text.HAL_Delay
                0x08000eb8       0x28 CMakeFiles/C8T6_OLED_Snake.elf.dir/Drivers/STM32F1xx_HAL_Driver/Src/stm32f1xx_hal.c.obj
                0x08000eb8                HAL_Delay
 .text.HAL_ADC_ConfigChannel
                0x08000ee0      0x144 CMakeFiles/C8T6_OLED_Snake.elf.dir/Drivers/STM32F1xx_HAL_Driver/Src/stm32f1xx_hal_adc.c.obj
                0x08000ee0                HAL_ADC_ConfigChannel
 .text.ADC_ConversionStop_Disable
                0x08001024       0x56 CMakeFiles/C8T6_OLED_Snake.elf.dir/Drivers/STM32F1xx_HAL_Driver/Src/stm32f1xx_hal_adc.c.obj
                0x08001024                ADC_ConversionStop_Disable
 *fill*         0x0800107a        0x2 
 .text.HAL_ADC_Init
                0x0800107c      0x108 CMakeFiles/C8T6_OLED_Snake.elf.dir/Drivers/STM32F1xx_HAL_Driver/Src/stm32f1xx_hal_adc.c.obj
                0x0800107c                HAL_ADC_Init
 .text.HAL_NVIC_SetPriorityGrouping
                0x08001184       0x24 CMakeFiles/C8T6_OLED_Snake.elf.dir/Drivers/STM32F1xx_HAL_Driver/Src/stm32f1xx_hal_cortex.c.obj
                0x08001184                HAL_NVIC_SetPriorityGrouping
 .text.HAL_NVIC_SetPriority
                0x080011a8       0x70 CMakeFiles/C8T6_OLED_Snake.elf.dir/Drivers/STM32F1xx_HAL_Driver/Src/stm32f1xx_hal_cortex.c.obj
                0x080011a8                HAL_NVIC_SetPriority
 .text.HAL_NVIC_EnableIRQ
                0x08001218       0x1c CMakeFiles/C8T6_OLED_Snake.elf.dir/Drivers/STM32F1xx_HAL_Driver/Src/stm32f1xx_hal_cortex.c.obj
                0x08001218                HAL_NVIC_EnableIRQ
 .text.HAL_SYSTICK_Config
                0x08001234       0x28 CMakeFiles/C8T6_OLED_Snake.elf.dir/Drivers/STM32F1xx_HAL_Driver/Src/stm32f1xx_hal_cortex.c.obj
                0x08001234                HAL_SYSTICK_Config
 .text.HAL_GPIO_Init
                0x0800125c      0x224 CMakeFiles/C8T6_OLED_Snake.elf.dir/Drivers/STM32F1xx_HAL_Driver/Src/stm32f1xx_hal_gpio.c.obj
                0x0800125c                HAL_GPIO_Init
 .text.HAL_GPIO_WritePin
                0x08001480        0xc CMakeFiles/C8T6_OLED_Snake.elf.dir/Drivers/STM32F1xx_HAL_Driver/Src/stm32f1xx_hal_gpio.c.obj
                0x08001480                HAL_GPIO_WritePin
 .text.HAL_GPIO_EXTI_Callback
                0x0800148c        0x2 CMakeFiles/C8T6_OLED_Snake.elf.dir/Drivers/STM32F1xx_HAL_Driver/Src/stm32f1xx_hal_gpio.c.obj
                0x0800148c                HAL_GPIO_EXTI_Callback
 *fill*         0x0800148e        0x2 
 .text.HAL_GPIO_EXTI_IRQHandler
                0x08001490       0x1c CMakeFiles/C8T6_OLED_Snake.elf.dir/Drivers/STM32F1xx_HAL_Driver/Src/stm32f1xx_hal_gpio.c.obj
                0x08001490                HAL_GPIO_EXTI_IRQHandler
 .text.RCC_Delay
                0x080014ac       0x2c CMakeFiles/C8T6_OLED_Snake.elf.dir/Drivers/STM32F1xx_HAL_Driver/Src/stm32f1xx_hal_rcc.c.obj
 .text.HAL_RCC_OscConfig
                0x080014d8      0x410 CMakeFiles/C8T6_OLED_Snake.elf.dir/Drivers/STM32F1xx_HAL_Driver/Src/stm32f1xx_hal_rcc.c.obj
                0x080014d8                HAL_RCC_OscConfig
 .text.HAL_RCC_GetSysClockFreq
                0x080018e8       0x70 CMakeFiles/C8T6_OLED_Snake.elf.dir/Drivers/STM32F1xx_HAL_Driver/Src/stm32f1xx_hal_rcc.c.obj
                0x080018e8                HAL_RCC_GetSysClockFreq
 .text.HAL_RCC_ClockConfig
                0x08001958      0x16c CMakeFiles/C8T6_OLED_Snake.elf.dir/Drivers/STM32F1xx_HAL_Driver/Src/stm32f1xx_hal_rcc.c.obj
                0x08001958                HAL_RCC_ClockConfig
 .text.HAL_RCCEx_PeriphCLKConfig
                0x08001ac4      0x118 CMakeFiles/C8T6_OLED_Snake.elf.dir/Drivers/STM32F1xx_HAL_Driver/Src/stm32f1xx_hal_rcc_ex.c.obj
                0x08001ac4                HAL_RCCEx_PeriphCLKConfig
 .text.TIM_Base_SetConfig
                0x08001bdc       0x74 CMakeFiles/C8T6_OLED_Snake.elf.dir/Drivers/STM32F1xx_HAL_Driver/Src/stm32f1xx_hal_tim.c.obj
                0x08001bdc                TIM_Base_SetConfig
 .text.HAL_TIM_Encoder_Init
                0x08001c50       0xb8 CMakeFiles/C8T6_OLED_Snake.elf.dir/Drivers/STM32F1xx_HAL_Driver/Src/stm32f1xx_hal_tim.c.obj
                0x08001c50                HAL_TIM_Encoder_Init
 .text.TIM_CCxChannelCmd
                0x08001d08       0x1e CMakeFiles/C8T6_OLED_Snake.elf.dir/Drivers/STM32F1xx_HAL_Driver/Src/stm32f1xx_hal_tim.c.obj
                0x08001d08                TIM_CCxChannelCmd
 .text.HAL_TIM_Encoder_Start
                0x08001d26       0xcc CMakeFiles/C8T6_OLED_Snake.elf.dir/Drivers/STM32F1xx_HAL_Driver/Src/stm32f1xx_hal_tim.c.obj
                0x08001d26                HAL_TIM_Encoder_Start
 *fill*         0x08001df2        0x2 
 .text.HAL_TIMEx_MasterConfigSynchronization
                0x08001df4       0x6c CMakeFiles/C8T6_OLED_Snake.elf.dir/Drivers/STM32F1xx_HAL_Driver/Src/stm32f1xx_hal_tim_ex.c.obj
                0x08001df4                HAL_TIMEx_MasterConfigSynchronization
 .text.Reset_Handler
                0x08001e60       0x48 CMakeFiles/C8T6_OLED_Snake.elf.dir/startup/startup_stm32f103xb.s.obj
                0x08001e60                Reset_Handler
 .text.Default_Handler
                0x08001ea8        0x2 CMakeFiles/C8T6_OLED_Snake.elf.dir/startup/startup_stm32f103xb.s.obj
                0x08001ea8                RTC_Alarm_IRQHandler
                0x08001ea8                EXTI2_IRQHandler
                0x08001ea8                TIM1_CC_IRQHandler
                0x08001ea8                PVD_IRQHandler
                0x08001ea8                EXTI3_IRQHandler
                0x08001ea8                EXTI0_IRQHandler
                0x08001ea8                I2C2_EV_IRQHandler
                0x08001ea8                ADC1_2_IRQHandler
                0x08001ea8                SPI1_IRQHandler
                0x08001ea8                TAMPER_IRQHandler
                0x08001ea8                DMA1_Channel4_IRQHandler
                0x08001ea8                USART3_IRQHandler
                0x08001ea8                RTC_IRQHandler
                0x08001ea8                DMA1_Channel7_IRQHandler
                0x08001ea8                CAN1_RX1_IRQHandler
                0x08001ea8                TIM4_IRQHandler
                0x08001ea8                I2C1_EV_IRQHandler
                0x08001ea8                DMA1_Channel6_IRQHandler
                0x08001ea8                TIM3_IRQHandler
                0x08001ea8                RCC_IRQHandler
                0x08001ea8                TIM1_TRG_COM_IRQHandler
                0x08001ea8                DMA1_Channel1_IRQHandler
                0x08001ea8                Default_Handler
                0x08001ea8                EXTI9_5_IRQHandler
                0x08001ea8                SPI2_IRQHandler
                0x08001ea8                DMA1_Channel5_IRQHandler
                0x08001ea8                EXTI4_IRQHandler
                0x08001ea8                USB_LP_CAN1_RX0_IRQHandler
                0x08001ea8                USB_HP_CAN1_TX_IRQHandler
                0x08001ea8                DMA1_Channel3_IRQHandler
                0x08001ea8                TIM1_UP_IRQHandler
                0x08001ea8                WWDG_IRQHandler
                0x08001ea8                TIM2_IRQHandler
                0x08001ea8                TIM1_BRK_IRQHandler
                0x08001ea8                EXTI1_IRQHandler
                0x08001ea8                USART2_IRQHandler
                0x08001ea8                I2C2_ER_IRQHandler
                0x08001ea8                DMA1_Channel2_IRQHandler
                0x08001ea8                CAN1_SCE_IRQHandler
                0x08001ea8                FLASH_IRQHandler
                0x08001ea8                USART1_IRQHandler
                0x08001ea8                I2C1_ER_IRQHandler
                0x08001ea8                USBWakeUp_IRQHandler
 *fill*         0x08001eaa        0x2 
 .text.__errno  0x08001eac        0xc d:/tool/gcc-arm-none-eabi-10.3-2021.10/bin/../lib/gcc/arm-none-eabi/10.3.1/../../../../arm-none-eabi/lib/thumb/v7-m/nofp\libg.a(lib_a-errno.o)
                0x08001eac                __errno
 .text.__libc_init_array
                0x08001eb8       0x48 d:/tool/gcc-arm-none-eabi-10.3-2021.10/bin/../lib/gcc/arm-none-eabi/10.3.1/../../../../arm-none-eabi/lib/thumb/v7-m/nofp\libg.a(lib_a-init.o)
                0x08001eb8                __libc_init_array
 .text.malloc   0x08001f00       0x10 d:/tool/gcc-arm-none-eabi-10.3-2021.10/bin/../lib/gcc/arm-none-eabi/10.3.1/../../../../arm-none-eabi/lib/thumb/v7-m/nofp\libg.a(lib_a-malloc.o)
                0x08001f00                malloc
 .text._malloc_r
                0x08001f10      0x558 d:/tool/gcc-arm-none-eabi-10.3-2021.10/bin/../lib/gcc/arm-none-eabi/10.3.1/../../../../arm-none-eabi/lib/thumb/v7-m/nofp\libg.a(lib_a-mallocr.o)
                0x08001f10                _malloc_r
 .text.memset   0x08002468       0xa4 d:/tool/gcc-arm-none-eabi-10.3-2021.10/bin/../lib/gcc/arm-none-eabi/10.3.1/../../../../arm-none-eabi/lib/thumb/v7-m/nofp\libg.a(lib_a-memset.o)
                0x08002468                memset
 .text.__malloc_lock
                0x0800250c        0xc d:/tool/gcc-arm-none-eabi-10.3-2021.10/bin/../lib/gcc/arm-none-eabi/10.3.1/../../../../arm-none-eabi/lib/thumb/v7-m/nofp\libg.a(lib_a-mlock.o)
                0x0800250c                __malloc_lock
 .text.__malloc_unlock
                0x08002518        0xc d:/tool/gcc-arm-none-eabi-10.3-2021.10/bin/../lib/gcc/arm-none-eabi/10.3.1/../../../../arm-none-eabi/lib/thumb/v7-m/nofp\libg.a(lib_a-mlock.o)
                0x08002518                __malloc_unlock
 .text._sbrk_r  0x08002524       0x24 d:/tool/gcc-arm-none-eabi-10.3-2021.10/bin/../lib/gcc/arm-none-eabi/10.3.1/../../../../arm-none-eabi/lib/thumb/v7-m/nofp\libg.a(lib_a-sbrkr.o)
                0x08002524                _sbrk_r
 .text.startup.register_fini
                0x08002548       0x14 d:/tool/gcc-arm-none-eabi-10.3-2021.10/bin/../lib/gcc/arm-none-eabi/10.3.1/../../../../arm-none-eabi/lib/thumb/v7-m/nofp\libg.a(lib_a-__call_atexit.o)
 .text.atexit   0x0800255c        0xc d:/tool/gcc-arm-none-eabi-10.3-2021.10/bin/../lib/gcc/arm-none-eabi/10.3.1/../../../../arm-none-eabi/lib/thumb/v7-m/nofp\libg.a(lib_a-atexit.o)
                0x0800255c                atexit
 .text.__libc_fini_array
                0x08002568       0x2c d:/tool/gcc-arm-none-eabi-10.3-2021.10/bin/../lib/gcc/arm-none-eabi/10.3.1/../../../../arm-none-eabi/lib/thumb/v7-m/nofp\libg.a(lib_a-fini.o)
                0x08002568                __libc_fini_array
 .text._malloc_trim_r
                0x08002594       0xa0 d:/tool/gcc-arm-none-eabi-10.3-2021.10/bin/../lib/gcc/arm-none-eabi/10.3.1/../../../../arm-none-eabi/lib/thumb/v7-m/nofp\libg.a(lib_a-freer.o)
                0x08002594                _malloc_trim_r
 .text._free_r  0x08002634      0x200 d:/tool/gcc-arm-none-eabi-10.3-2021.10/bin/../lib/gcc/arm-none-eabi/10.3.1/../../../../arm-none-eabi/lib/thumb/v7-m/nofp\libg.a(lib_a-freer.o)
                0x08002634                _free_r
 .text.__retarget_lock_acquire_recursive
                0x08002834        0x4 d:/tool/gcc-arm-none-eabi-10.3-2021.10/bin/../lib/gcc/arm-none-eabi/10.3.1/../../../../arm-none-eabi/lib/thumb/v7-m/nofp\libg.a(lib_a-lock.o)
                0x08002834                __retarget_lock_acquire_recursive
 .text.__retarget_lock_release_recursive
                0x08002838        0x4 d:/tool/gcc-arm-none-eabi-10.3-2021.10/bin/../lib/gcc/arm-none-eabi/10.3.1/../../../../arm-none-eabi/lib/thumb/v7-m/nofp\libg.a(lib_a-lock.o)
                0x08002838                __retarget_lock_release_recursive
 .text.__register_exitproc
                0x0800283c       0x8c d:/tool/gcc-arm-none-eabi-10.3-2021.10/bin/../lib/gcc/arm-none-eabi/10.3.1/../../../../arm-none-eabi/lib/thumb/v7-m/nofp\libg.a(lib_a-__atexit.o)
                0x0800283c                __register_exitproc
 *(.glue_7)
 .glue_7        0x080028c8        0x0 linker stubs
 *(.glue_7t)
 .glue_7t       0x080028c8        0x0 linker stubs
 *(.eh_frame)
 .eh_frame      0x080028c8        0x0 d:/tool/gcc-arm-none-eabi-10.3-2021.10/bin/../lib/gcc/arm-none-eabi/10.3.1/thumb/v7-m/nofp/crtbegin.o
 *(.init)
 .init          0x080028c8        0x4 d:/tool/gcc-arm-none-eabi-10.3-2021.10/bin/../lib/gcc/arm-none-eabi/10.3.1/thumb/v7-m/nofp/crti.o
                0x080028c8                _init
 .init          0x080028cc        0x8 d:/tool/gcc-arm-none-eabi-10.3-2021.10/bin/../lib/gcc/arm-none-eabi/10.3.1/thumb/v7-m/nofp/crtn.o
 *(.fini)
 .fini          0x080028d4        0x4 d:/tool/gcc-arm-none-eabi-10.3-2021.10/bin/../lib/gcc/arm-none-eabi/10.3.1/thumb/v7-m/nofp/crti.o
                0x080028d4                _fini
 .fini          0x080028d8        0x8 d:/tool/gcc-arm-none-eabi-10.3-2021.10/bin/../lib/gcc/arm-none-eabi/10.3.1/thumb/v7-m/nofp/crtn.o
                0x080028e0                . = ALIGN (0x4)
                0x080028e0                _etext = .

.vfp11_veneer   0x080028e0        0x0
 .vfp11_veneer  0x080028e0        0x0 linker stubs

.v4_bx          0x080028e0        0x0
 .v4_bx         0x080028e0        0x0 linker stubs

.iplt           0x080028e0        0x0
 .iplt          0x080028e0        0x0 d:/tool/gcc-arm-none-eabi-10.3-2021.10/bin/../lib/gcc/arm-none-eabi/10.3.1/thumb/v7-m/nofp/crtbegin.o

.rodata         0x080028e0      0xa8c
                0x080028e0                . = ALIGN (0x4)
 *(.rodata)
 *(.rodata*)
 .rodata.oled_asc2_1206
                0x080028e0      0x474 CMakeFiles/C8T6_OLED_Snake.elf.dir/Core/Src/oled.c.obj
                0x080028e0                oled_asc2_1206
 .rodata.oled_asc2_1608
                0x08002d54      0x5f0 CMakeFiles/C8T6_OLED_Snake.elf.dir/Core/Src/oled.c.obj
                0x08002d54                oled_asc2_1608
 .rodata.AHBPrescTable
                0x08003344       0x10 CMakeFiles/C8T6_OLED_Snake.elf.dir/Core/Src/system_stm32f1xx.c.obj
                0x08003344                AHBPrescTable
 .rodata.HAL_RCC_GetSysClockFreq.str1.4
                0x08003354       0x11 CMakeFiles/C8T6_OLED_Snake.elf.dir/Drivers/STM32F1xx_HAL_Driver/Src/stm32f1xx_hal_rcc.c.obj
 *fill*         0x08003365        0x3 
 .rodata._global_impure_ptr
                0x08003368        0x4 d:/tool/gcc-arm-none-eabi-10.3-2021.10/bin/../lib/gcc/arm-none-eabi/10.3.1/../../../../arm-none-eabi/lib/thumb/v7-m/nofp\libg.a(lib_a-impure.o)
                0x08003368                _global_impure_ptr
                0x0800336c                . = ALIGN (0x4)

.rel.dyn        0x0800336c        0x0
 .rel.iplt      0x0800336c        0x0 d:/tool/gcc-arm-none-eabi-10.3-2021.10/bin/../lib/gcc/arm-none-eabi/10.3.1/thumb/v7-m/nofp/crtbegin.o

.ARM.extab
 *(.ARM.extab* .gnu.linkonce.armextab.*)

.ARM            0x0800336c        0x0
                0x0800336c                __exidx_start = .
 *(.ARM.exidx*)
                0x0800336c                __exidx_end = .

.preinit_array  0x0800336c        0x0
                0x0800336c                PROVIDE (__preinit_array_start = .)
 *(.preinit_array*)
                0x0800336c                PROVIDE (__preinit_array_end = .)

.init_array     0x0800336c        0x8
                0x0800336c                PROVIDE (__init_array_start = .)
 *(SORT_BY_NAME(.init_array.*))
 .init_array.00000
                0x0800336c        0x4 d:/tool/gcc-arm-none-eabi-10.3-2021.10/bin/../lib/gcc/arm-none-eabi/10.3.1/../../../../arm-none-eabi/lib/thumb/v7-m/nofp\libg.a(lib_a-__call_atexit.o)
 *(.init_array*)
 .init_array    0x08003370        0x4 d:/tool/gcc-arm-none-eabi-10.3-2021.10/bin/../lib/gcc/arm-none-eabi/10.3.1/thumb/v7-m/nofp/crtbegin.o
                0x08003374                PROVIDE (__init_array_end = .)

.fini_array     0x08003374        0x4
                0x08003374                PROVIDE (__fini_array_start = .)
 *(SORT_BY_NAME(.fini_array.*))
 *(.fini_array*)
 .fini_array    0x08003374        0x4 d:/tool/gcc-arm-none-eabi-10.3-2021.10/bin/../lib/gcc/arm-none-eabi/10.3.1/thumb/v7-m/nofp/crtbegin.o
                0x08003378                PROVIDE (__fini_array_end = .)
                0x08003378                _sidata = LOADADDR (.data)

.data           0x20000000      0x854 load address 0x08003378
                0x20000000                . = ALIGN (0x4)
                0x20000000                _sdata = .
 *(.data)
 *(.data*)
 .data.count_right.1
                0x20000000        0x4 CMakeFiles/C8T6_OLED_Snake.elf.dir/Core/Src/encoder.c.obj
 .data.SystemCoreClock
                0x20000004        0x4 CMakeFiles/C8T6_OLED_Snake.elf.dir/Core/Src/system_stm32f1xx.c.obj
                0x20000004                SystemCoreClock
 .data.uwTickFreq
                0x20000008        0x1 CMakeFiles/C8T6_OLED_Snake.elf.dir/Drivers/STM32F1xx_HAL_Driver/Src/stm32f1xx_hal.c.obj
                0x20000008                uwTickFreq
 *fill*         0x20000009        0x3 
 .data.uwTickPrio
                0x2000000c        0x4 CMakeFiles/C8T6_OLED_Snake.elf.dir/Drivers/STM32F1xx_HAL_Driver/Src/stm32f1xx_hal.c.obj
                0x2000000c                uwTickPrio
 .data._impure_ptr
                0x20000010        0x4 d:/tool/gcc-arm-none-eabi-10.3-2021.10/bin/../lib/gcc/arm-none-eabi/10.3.1/../../../../arm-none-eabi/lib/thumb/v7-m/nofp\libg.a(lib_a-impure.o)
                0x20000010                _impure_ptr
 *fill*         0x20000014        0x4 
 .data.impure_data
                0x20000018      0x428 d:/tool/gcc-arm-none-eabi-10.3-2021.10/bin/../lib/gcc/arm-none-eabi/10.3.1/../../../../arm-none-eabi/lib/thumb/v7-m/nofp\libg.a(lib_a-impure.o)
 .data.__malloc_av_
                0x20000440      0x408 d:/tool/gcc-arm-none-eabi-10.3-2021.10/bin/../lib/gcc/arm-none-eabi/10.3.1/../../../../arm-none-eabi/lib/thumb/v7-m/nofp\libg.a(lib_a-mallocr.o)
                0x20000440                __malloc_av_
 .data.__malloc_sbrk_base
                0x20000848        0x4 d:/tool/gcc-arm-none-eabi-10.3-2021.10/bin/../lib/gcc/arm-none-eabi/10.3.1/../../../../arm-none-eabi/lib/thumb/v7-m/nofp\libg.a(lib_a-mallocr.o)
                0x20000848                __malloc_sbrk_base
 .data.__malloc_trim_threshold
                0x2000084c        0x4 d:/tool/gcc-arm-none-eabi-10.3-2021.10/bin/../lib/gcc/arm-none-eabi/10.3.1/../../../../arm-none-eabi/lib/thumb/v7-m/nofp\libg.a(lib_a-mallocr.o)
                0x2000084c                __malloc_trim_threshold
 .data.__atexit_recursive_mutex
                0x20000850        0x4 d:/tool/gcc-arm-none-eabi-10.3-2021.10/bin/../lib/gcc/arm-none-eabi/10.3.1/../../../../arm-none-eabi/lib/thumb/v7-m/nofp\libg.a(lib_a-__call_atexit.o)
                0x20000850                __atexit_recursive_mutex
                0x20000854                . = ALIGN (0x4)
                0x20000854                _edata = .

.igot.plt       0x20000854        0x0 load address 0x08003bcc
 .igot.plt      0x20000854        0x0 d:/tool/gcc-arm-none-eabi-10.3-2021.10/bin/../lib/gcc/arm-none-eabi/10.3.1/thumb/v7-m/nofp/crtbegin.o
                0x20000854                . = ALIGN (0x4)

.bss            0x20000854      0x550 load address 0x08003bcc
                0x20000854                _sbss = .
                0x20000854                __bss_start__ = _sbss
 *(.bss)
 .bss           0x20000854       0x1c d:/tool/gcc-arm-none-eabi-10.3-2021.10/bin/../lib/gcc/arm-none-eabi/10.3.1/thumb/v7-m/nofp/crtbegin.o
 *(.bss*)
 .bss.hadc1     0x20000870       0x30 CMakeFiles/C8T6_OLED_Snake.elf.dir/Core/Src/adc.c.obj
                0x20000870                hadc1
 .bss.Encoder_Left_Num
                0x200008a0        0x1 CMakeFiles/C8T6_OLED_Snake.elf.dir/Core/Src/encoder.c.obj
                0x200008a0                Encoder_Left_Num
 .bss.Encoder_Right_Num
                0x200008a1        0x1 CMakeFiles/C8T6_OLED_Snake.elf.dir/Core/Src/encoder.c.obj
                0x200008a1                Encoder_Right_Num
 .bss.Snake_MoveDirs
                0x200008a2        0x1 CMakeFiles/C8T6_OLED_Snake.elf.dir/Core/Src/encoder.c.obj
                0x200008a2                Snake_MoveDirs
 *fill*         0x200008a3        0x1 
 .bss.count_left.0
                0x200008a4        0x4 CMakeFiles/C8T6_OLED_Snake.elf.dir/Core/Src/encoder.c.obj
 .bss.OLED_GRAM
                0x200008a8      0x400 CMakeFiles/C8T6_OLED_Snake.elf.dir/Core/Src/oled.c.obj
                0x200008a8                OLED_GRAM
 .bss.food_Info
                0x20000ca8        0x6 CMakeFiles/C8T6_OLED_Snake.elf.dir/Core/Src/snake.c.obj
                0x20000ca8                food_Info
 *fill*         0x20000cae        0x2 
 .bss.snake_Info
                0x20000cb0        0xc CMakeFiles/C8T6_OLED_Snake.elf.dir/Core/Src/snake.c.obj
                0x20000cb0                snake_Info
 .bss.snake_Info_next
                0x20000cbc        0xc CMakeFiles/C8T6_OLED_Snake.elf.dir/Core/Src/snake.c.obj
                0x20000cbc                snake_Info_next
 .bss.snake_list
                0x20000cc8        0x4 CMakeFiles/C8T6_OLED_Snake.elf.dir/Core/Src/snake.c.obj
                0x20000cc8                snake_list
 .bss.heap_end.0
                0x20000ccc        0x4 CMakeFiles/C8T6_OLED_Snake.elf.dir/Core/Src/syscalls.c.obj
 .bss.htim2     0x20000cd0       0x48 CMakeFiles/C8T6_OLED_Snake.elf.dir/Core/Src/tim.c.obj
                0x20000cd0                htim2
 .bss.htim4     0x20000d18       0x48 CMakeFiles/C8T6_OLED_Snake.elf.dir/Core/Src/tim.c.obj
                0x20000d18                htim4
 .bss.uwTick    0x20000d60        0x4 CMakeFiles/C8T6_OLED_Snake.elf.dir/Drivers/STM32F1xx_HAL_Driver/Src/stm32f1xx_hal.c.obj
                0x20000d60                uwTick
 .bss.__malloc_current_mallinfo
                0x20000d64       0x28 d:/tool/gcc-arm-none-eabi-10.3-2021.10/bin/../lib/gcc/arm-none-eabi/10.3.1/../../../../arm-none-eabi/lib/thumb/v7-m/nofp\libg.a(lib_a-mallocr.o)
                0x20000d64                __malloc_current_mallinfo
 .bss.__malloc_max_sbrked_mem
                0x20000d8c        0x4 d:/tool/gcc-arm-none-eabi-10.3-2021.10/bin/../lib/gcc/arm-none-eabi/10.3.1/../../../../arm-none-eabi/lib/thumb/v7-m/nofp\libg.a(lib_a-mallocr.o)
                0x20000d8c                __malloc_max_sbrked_mem
 .bss.__malloc_max_total_mem
                0x20000d90        0x4 d:/tool/gcc-arm-none-eabi-10.3-2021.10/bin/../lib/gcc/arm-none-eabi/10.3.1/../../../../arm-none-eabi/lib/thumb/v7-m/nofp\libg.a(lib_a-mallocr.o)
                0x20000d90                __malloc_max_total_mem
 .bss.__malloc_top_pad
                0x20000d94        0x4 d:/tool/gcc-arm-none-eabi-10.3-2021.10/bin/../lib/gcc/arm-none-eabi/10.3.1/../../../../arm-none-eabi/lib/thumb/v7-m/nofp\libg.a(lib_a-mallocr.o)
                0x20000d94                __malloc_top_pad
 .bss.__lock___atexit_recursive_mutex
                0x20000d98        0x1 d:/tool/gcc-arm-none-eabi-10.3-2021.10/bin/../lib/gcc/arm-none-eabi/10.3.1/../../../../arm-none-eabi/lib/thumb/v7-m/nofp\libg.a(lib_a-lock.o)
                0x20000d98                __lock___atexit_recursive_mutex
 *fill*         0x20000d99        0x3 
 .bss.__lock___malloc_recursive_mutex
                0x20000d9c        0x1 d:/tool/gcc-arm-none-eabi-10.3-2021.10/bin/../lib/gcc/arm-none-eabi/10.3.1/../../../../arm-none-eabi/lib/thumb/v7-m/nofp\libg.a(lib_a-lock.o)
                0x20000d9c                __lock___malloc_recursive_mutex
 *fill*         0x20000d9d        0x3 
 .bss.errno     0x20000da0        0x4 d:/tool/gcc-arm-none-eabi-10.3-2021.10/bin/../lib/gcc/arm-none-eabi/10.3.1/../../../../arm-none-eabi/lib/thumb/v7-m/nofp\libg.a(lib_a-reent.o)
                0x20000da0                errno
 *(COMMON)
                0x20000da4                . = ALIGN (0x4)
                0x20000da4                _ebss = .
                0x20000da4                __bss_end__ = _ebss

._user_heap_stack
                0x20000da4      0x604 load address 0x08003bcc
                0x20000da8                . = ALIGN (0x8)
 *fill*         0x20000da4        0x4 
                0x20000da8                PROVIDE (end = .)
                [!provide]                PROVIDE (_end = .)
                0x20000fa8                . = (. + _Min_Heap_Size)
 *fill*         0x20000da8      0x200 
                0x200013a8                . = (. + _Min_Stack_Size)
 *fill*         0x20000fa8      0x400 
                0x200013a8                . = ALIGN (0x8)

/DISCARD/
 libc.a(*)
 libm.a(*)
 libgcc.a(*)

.ARM.attributes
                0x00000000       0x29
 *(.ARM.attributes)
 .ARM.attributes
                0x00000000       0x1d d:/tool/gcc-arm-none-eabi-10.3-2021.10/bin/../lib/gcc/arm-none-eabi/10.3.1/thumb/v7-m/nofp/crti.o
 .ARM.attributes
                0x0000001d       0x2d d:/tool/gcc-arm-none-eabi-10.3-2021.10/bin/../lib/gcc/arm-none-eabi/10.3.1/thumb/v7-m/nofp/crtbegin.o
 .ARM.attributes
                0x0000004a       0x2d CMakeFiles/C8T6_OLED_Snake.elf.dir/Core/Src/adc.c.obj
 .ARM.attributes
                0x00000077       0x2d CMakeFiles/C8T6_OLED_Snake.elf.dir/Core/Src/encoder.c.obj
 .ARM.attributes
                0x000000a4       0x2d CMakeFiles/C8T6_OLED_Snake.elf.dir/Core/Src/gpio.c.obj
 .ARM.attributes
                0x000000d1       0x2d CMakeFiles/C8T6_OLED_Snake.elf.dir/Core/Src/main.c.obj
 .ARM.attributes
                0x000000fe       0x2d CMakeFiles/C8T6_OLED_Snake.elf.dir/Core/Src/oled.c.obj
 .ARM.attributes
                0x0000012b       0x2d CMakeFiles/C8T6_OLED_Snake.elf.dir/Core/Src/snake.c.obj
 .ARM.attributes
                0x00000158       0x2d CMakeFiles/C8T6_OLED_Snake.elf.dir/Core/Src/stm32f1xx_hal_msp.c.obj
 .ARM.attributes
                0x00000185       0x2d CMakeFiles/C8T6_OLED_Snake.elf.dir/Core/Src/stm32f1xx_it.c.obj
 .ARM.attributes
                0x000001b2       0x2d CMakeFiles/C8T6_OLED_Snake.elf.dir/Core/Src/syscalls.c.obj
 .ARM.attributes
                0x000001df       0x2d CMakeFiles/C8T6_OLED_Snake.elf.dir/Core/Src/system_stm32f1xx.c.obj
 .ARM.attributes
                0x0000020c       0x2d CMakeFiles/C8T6_OLED_Snake.elf.dir/Core/Src/tim.c.obj
 .ARM.attributes
                0x00000239       0x2d CMakeFiles/C8T6_OLED_Snake.elf.dir/Drivers/STM32F1xx_HAL_Driver/Src/stm32f1xx_hal.c.obj
 .ARM.attributes
                0x00000266       0x2d CMakeFiles/C8T6_OLED_Snake.elf.dir/Drivers/STM32F1xx_HAL_Driver/Src/stm32f1xx_hal_adc.c.obj
 .ARM.attributes
                0x00000293       0x2d CMakeFiles/C8T6_OLED_Snake.elf.dir/Drivers/STM32F1xx_HAL_Driver/Src/stm32f1xx_hal_cortex.c.obj
 .ARM.attributes
                0x000002c0       0x2d CMakeFiles/C8T6_OLED_Snake.elf.dir/Drivers/STM32F1xx_HAL_Driver/Src/stm32f1xx_hal_gpio.c.obj
 .ARM.attributes
                0x000002ed       0x2d CMakeFiles/C8T6_OLED_Snake.elf.dir/Drivers/STM32F1xx_HAL_Driver/Src/stm32f1xx_hal_rcc.c.obj
 .ARM.attributes
                0x0000031a       0x2d CMakeFiles/C8T6_OLED_Snake.elf.dir/Drivers/STM32F1xx_HAL_Driver/Src/stm32f1xx_hal_rcc_ex.c.obj
 .ARM.attributes
                0x00000347       0x2d CMakeFiles/C8T6_OLED_Snake.elf.dir/Drivers/STM32F1xx_HAL_Driver/Src/stm32f1xx_hal_tim.c.obj
 .ARM.attributes
                0x00000374       0x2d CMakeFiles/C8T6_OLED_Snake.elf.dir/Drivers/STM32F1xx_HAL_Driver/Src/stm32f1xx_hal_tim_ex.c.obj
 .ARM.attributes
                0x000003a1       0x21 CMakeFiles/C8T6_OLED_Snake.elf.dir/startup/startup_stm32f103xb.s.obj
 .ARM.attributes
                0x000003c2       0x2d d:/tool/gcc-arm-none-eabi-10.3-2021.10/bin/../lib/gcc/arm-none-eabi/10.3.1/../../../../arm-none-eabi/lib/thumb/v7-m/nofp\libg.a(lib_a-errno.o)
 .ARM.attributes
                0x000003ef       0x2d d:/tool/gcc-arm-none-eabi-10.3-2021.10/bin/../lib/gcc/arm-none-eabi/10.3.1/../../../../arm-none-eabi/lib/thumb/v7-m/nofp\libg.a(lib_a-impure.o)
 .ARM.attributes
                0x0000041c       0x2d d:/tool/gcc-arm-none-eabi-10.3-2021.10/bin/../lib/gcc/arm-none-eabi/10.3.1/../../../../arm-none-eabi/lib/thumb/v7-m/nofp\libg.a(lib_a-init.o)
 .ARM.attributes
                0x00000449       0x2d d:/tool/gcc-arm-none-eabi-10.3-2021.10/bin/../lib/gcc/arm-none-eabi/10.3.1/../../../../arm-none-eabi/lib/thumb/v7-m/nofp\libg.a(lib_a-malloc.o)
 .ARM.attributes
                0x00000476       0x2d d:/tool/gcc-arm-none-eabi-10.3-2021.10/bin/../lib/gcc/arm-none-eabi/10.3.1/../../../../arm-none-eabi/lib/thumb/v7-m/nofp\libg.a(lib_a-mallocr.o)
 .ARM.attributes
                0x000004a3       0x2d d:/tool/gcc-arm-none-eabi-10.3-2021.10/bin/../lib/gcc/arm-none-eabi/10.3.1/../../../../arm-none-eabi/lib/thumb/v7-m/nofp\libg.a(lib_a-memset.o)
 .ARM.attributes
                0x000004d0       0x2d d:/tool/gcc-arm-none-eabi-10.3-2021.10/bin/../lib/gcc/arm-none-eabi/10.3.1/../../../../arm-none-eabi/lib/thumb/v7-m/nofp\libg.a(lib_a-mlock.o)
 .ARM.attributes
                0x000004fd       0x2d d:/tool/gcc-arm-none-eabi-10.3-2021.10/bin/../lib/gcc/arm-none-eabi/10.3.1/../../../../arm-none-eabi/lib/thumb/v7-m/nofp\libg.a(lib_a-sbrkr.o)
 .ARM.attributes
                0x0000052a       0x2d d:/tool/gcc-arm-none-eabi-10.3-2021.10/bin/../lib/gcc/arm-none-eabi/10.3.1/../../../../arm-none-eabi/lib/thumb/v7-m/nofp\libg.a(lib_a-__call_atexit.o)
 .ARM.attributes
                0x00000557       0x2d d:/tool/gcc-arm-none-eabi-10.3-2021.10/bin/../lib/gcc/arm-none-eabi/10.3.1/../../../../arm-none-eabi/lib/thumb/v7-m/nofp\libg.a(lib_a-atexit.o)
 .ARM.attributes
                0x00000584       0x2d d:/tool/gcc-arm-none-eabi-10.3-2021.10/bin/../lib/gcc/arm-none-eabi/10.3.1/../../../../arm-none-eabi/lib/thumb/v7-m/nofp\libg.a(lib_a-fini.o)
 .ARM.attributes
                0x000005b1       0x2d d:/tool/gcc-arm-none-eabi-10.3-2021.10/bin/../lib/gcc/arm-none-eabi/10.3.1/../../../../arm-none-eabi/lib/thumb/v7-m/nofp\libg.a(lib_a-freer.o)
 .ARM.attributes
                0x000005de       0x2d d:/tool/gcc-arm-none-eabi-10.3-2021.10/bin/../lib/gcc/arm-none-eabi/10.3.1/../../../../arm-none-eabi/lib/thumb/v7-m/nofp\libg.a(lib_a-lock.o)
 .ARM.attributes
                0x0000060b       0x2d d:/tool/gcc-arm-none-eabi-10.3-2021.10/bin/../lib/gcc/arm-none-eabi/10.3.1/../../../../arm-none-eabi/lib/thumb/v7-m/nofp\libg.a(lib_a-reent.o)
 .ARM.attributes
                0x00000638       0x2d d:/tool/gcc-arm-none-eabi-10.3-2021.10/bin/../lib/gcc/arm-none-eabi/10.3.1/../../../../arm-none-eabi/lib/thumb/v7-m/nofp\libg.a(lib_a-__atexit.o)
 .ARM.attributes
                0x00000665       0x1d d:/tool/gcc-arm-none-eabi-10.3-2021.10/bin/../lib/gcc/arm-none-eabi/10.3.1/thumb/v7-m/nofp/crtn.o
OUTPUT(C8T6_OLED_Snake.elf elf32-littlearm)
LOAD linker stubs
LOAD d:/tool/gcc-arm-none-eabi-10.3-2021.10/bin/../lib/gcc/arm-none-eabi/10.3.1/../../../../arm-none-eabi/lib/thumb/v7-m/nofp\libc.a
LOAD d:/tool/gcc-arm-none-eabi-10.3-2021.10/bin/../lib/gcc/arm-none-eabi/10.3.1/../../../../arm-none-eabi/lib/thumb/v7-m/nofp\libm.a
LOAD d:/tool/gcc-arm-none-eabi-10.3-2021.10/bin/../lib/gcc/arm-none-eabi/10.3.1/thumb/v7-m/nofp\libgcc.a

.debug_info     0x00000000     0xd19a
 .debug_info    0x00000000      0x85c CMakeFiles/C8T6_OLED_Snake.elf.dir/Core/Src/adc.c.obj
 .debug_info    0x0000085c      0x3c8 CMakeFiles/C8T6_OLED_Snake.elf.dir/Core/Src/encoder.c.obj
 .debug_info    0x00000c24      0x56b CMakeFiles/C8T6_OLED_Snake.elf.dir/Core/Src/gpio.c.obj
 .debug_info    0x0000118f      0x475 CMakeFiles/C8T6_OLED_Snake.elf.dir/Core/Src/main.c.obj
 .debug_info    0x00001604      0x999 CMakeFiles/C8T6_OLED_Snake.elf.dir/Core/Src/oled.c.obj
 .debug_info    0x00001f9d      0x9e8 CMakeFiles/C8T6_OLED_Snake.elf.dir/Core/Src/snake.c.obj
 .debug_info    0x00002985      0x235 CMakeFiles/C8T6_OLED_Snake.elf.dir/Core/Src/stm32f1xx_hal_msp.c.obj
 .debug_info    0x00002bba      0x17c CMakeFiles/C8T6_OLED_Snake.elf.dir/Core/Src/stm32f1xx_it.c.obj
 .debug_info    0x00002d36      0x835 CMakeFiles/C8T6_OLED_Snake.elf.dir/Core/Src/syscalls.c.obj
 .debug_info    0x0000356b      0x248 CMakeFiles/C8T6_OLED_Snake.elf.dir/Core/Src/system_stm32f1xx.c.obj
 .debug_info    0x000037b3      0xbb2 CMakeFiles/C8T6_OLED_Snake.elf.dir/Core/Src/tim.c.obj
 .debug_info    0x00004365      0x7a8 CMakeFiles/C8T6_OLED_Snake.elf.dir/Drivers/STM32F1xx_HAL_Driver/Src/stm32f1xx_hal.c.obj
 .debug_info    0x00004b0d      0xf10 CMakeFiles/C8T6_OLED_Snake.elf.dir/Drivers/STM32F1xx_HAL_Driver/Src/stm32f1xx_hal_adc.c.obj
 .debug_info    0x00005a1d      0xd8a CMakeFiles/C8T6_OLED_Snake.elf.dir/Drivers/STM32F1xx_HAL_Driver/Src/stm32f1xx_hal_cortex.c.obj
 .debug_info    0x000067a7      0x66f CMakeFiles/C8T6_OLED_Snake.elf.dir/Drivers/STM32F1xx_HAL_Driver/Src/stm32f1xx_hal_gpio.c.obj
 .debug_info    0x00006e16      0xa36 CMakeFiles/C8T6_OLED_Snake.elf.dir/Drivers/STM32F1xx_HAL_Driver/Src/stm32f1xx_hal_rcc.c.obj
 .debug_info    0x0000784c      0x443 CMakeFiles/C8T6_OLED_Snake.elf.dir/Drivers/STM32F1xx_HAL_Driver/Src/stm32f1xx_hal_rcc_ex.c.obj
 .debug_info    0x00007c8f     0x3b00 CMakeFiles/C8T6_OLED_Snake.elf.dir/Drivers/STM32F1xx_HAL_Driver/Src/stm32f1xx_hal_tim.c.obj
 .debug_info    0x0000b78f     0x19e9 CMakeFiles/C8T6_OLED_Snake.elf.dir/Drivers/STM32F1xx_HAL_Driver/Src/stm32f1xx_hal_tim_ex.c.obj
 .debug_info    0x0000d178       0x22 CMakeFiles/C8T6_OLED_Snake.elf.dir/startup/startup_stm32f103xb.s.obj

.debug_abbrev   0x00000000     0x22f5
 .debug_abbrev  0x00000000      0x1c1 CMakeFiles/C8T6_OLED_Snake.elf.dir/Core/Src/adc.c.obj
 .debug_abbrev  0x000001c1      0x14f CMakeFiles/C8T6_OLED_Snake.elf.dir/Core/Src/encoder.c.obj
 .debug_abbrev  0x00000310      0x158 CMakeFiles/C8T6_OLED_Snake.elf.dir/Core/Src/gpio.c.obj
 .debug_abbrev  0x00000468      0x182 CMakeFiles/C8T6_OLED_Snake.elf.dir/Core/Src/main.c.obj
 .debug_abbrev  0x000005ea      0x149 CMakeFiles/C8T6_OLED_Snake.elf.dir/Core/Src/oled.c.obj
 .debug_abbrev  0x00000733      0x300 CMakeFiles/C8T6_OLED_Snake.elf.dir/Core/Src/snake.c.obj
 .debug_abbrev  0x00000a33      0x108 CMakeFiles/C8T6_OLED_Snake.elf.dir/Core/Src/stm32f1xx_hal_msp.c.obj
 .debug_abbrev  0x00000b3b       0xb7 CMakeFiles/C8T6_OLED_Snake.elf.dir/Core/Src/stm32f1xx_it.c.obj
 .debug_abbrev  0x00000bf2      0x1da CMakeFiles/C8T6_OLED_Snake.elf.dir/Core/Src/syscalls.c.obj
 .debug_abbrev  0x00000dcc      0x13e CMakeFiles/C8T6_OLED_Snake.elf.dir/Core/Src/system_stm32f1xx.c.obj
 .debug_abbrev  0x00000f0a      0x1f7 CMakeFiles/C8T6_OLED_Snake.elf.dir/Core/Src/tim.c.obj
 .debug_abbrev  0x00001101      0x1f4 CMakeFiles/C8T6_OLED_Snake.elf.dir/Drivers/STM32F1xx_HAL_Driver/Src/stm32f1xx_hal.c.obj
 .debug_abbrev  0x000012f5      0x1fc CMakeFiles/C8T6_OLED_Snake.elf.dir/Drivers/STM32F1xx_HAL_Driver/Src/stm32f1xx_hal_adc.c.obj
 .debug_abbrev  0x000014f1      0x341 CMakeFiles/C8T6_OLED_Snake.elf.dir/Drivers/STM32F1xx_HAL_Driver/Src/stm32f1xx_hal_cortex.c.obj
 .debug_abbrev  0x00001832      0x1e6 CMakeFiles/C8T6_OLED_Snake.elf.dir/Drivers/STM32F1xx_HAL_Driver/Src/stm32f1xx_hal_gpio.c.obj
 .debug_abbrev  0x00001a18      0x27a CMakeFiles/C8T6_OLED_Snake.elf.dir/Drivers/STM32F1xx_HAL_Driver/Src/stm32f1xx_hal_rcc.c.obj
 .debug_abbrev  0x00001c92      0x1d2 CMakeFiles/C8T6_OLED_Snake.elf.dir/Drivers/STM32F1xx_HAL_Driver/Src/stm32f1xx_hal_rcc_ex.c.obj
 .debug_abbrev  0x00001e64      0x23e CMakeFiles/C8T6_OLED_Snake.elf.dir/Drivers/STM32F1xx_HAL_Driver/Src/stm32f1xx_hal_tim.c.obj
 .debug_abbrev  0x000020a2      0x241 CMakeFiles/C8T6_OLED_Snake.elf.dir/Drivers/STM32F1xx_HAL_Driver/Src/stm32f1xx_hal_tim_ex.c.obj
 .debug_abbrev  0x000022e3       0x12 CMakeFiles/C8T6_OLED_Snake.elf.dir/startup/startup_stm32f103xb.s.obj

.debug_loc      0x00000000     0x99c5
 .debug_loc     0x00000000       0x84 CMakeFiles/C8T6_OLED_Snake.elf.dir/Core/Src/adc.c.obj
 .debug_loc     0x00000084      0x1ae CMakeFiles/C8T6_OLED_Snake.elf.dir/Core/Src/encoder.c.obj
 .debug_loc     0x00000232      0x6c1 CMakeFiles/C8T6_OLED_Snake.elf.dir/Core/Src/oled.c.obj
 .debug_loc     0x000008f3      0x688 CMakeFiles/C8T6_OLED_Snake.elf.dir/Core/Src/snake.c.obj
 .debug_loc     0x00000f7b       0x15 CMakeFiles/C8T6_OLED_Snake.elf.dir/Core/Src/stm32f1xx_hal_msp.c.obj
 .debug_loc     0x00000f90      0x436 CMakeFiles/C8T6_OLED_Snake.elf.dir/Core/Src/syscalls.c.obj
 .debug_loc     0x000013c6       0xff CMakeFiles/C8T6_OLED_Snake.elf.dir/Core/Src/system_stm32f1xx.c.obj
 .debug_loc     0x000014c5       0xbe CMakeFiles/C8T6_OLED_Snake.elf.dir/Core/Src/tim.c.obj
 .debug_loc     0x00001583      0x141 CMakeFiles/C8T6_OLED_Snake.elf.dir/Drivers/STM32F1xx_HAL_Driver/Src/stm32f1xx_hal.c.obj
 .debug_loc     0x000016c4      0xad9 CMakeFiles/C8T6_OLED_Snake.elf.dir/Drivers/STM32F1xx_HAL_Driver/Src/stm32f1xx_hal_adc.c.obj
 .debug_loc     0x0000219d      0x71f CMakeFiles/C8T6_OLED_Snake.elf.dir/Drivers/STM32F1xx_HAL_Driver/Src/stm32f1xx_hal_cortex.c.obj
 .debug_loc     0x000028bc      0x47d CMakeFiles/C8T6_OLED_Snake.elf.dir/Drivers/STM32F1xx_HAL_Driver/Src/stm32f1xx_hal_gpio.c.obj
 .debug_loc     0x00002d39      0x63e CMakeFiles/C8T6_OLED_Snake.elf.dir/Drivers/STM32F1xx_HAL_Driver/Src/stm32f1xx_hal_rcc.c.obj
 .debug_loc     0x00003377      0x3c8 CMakeFiles/C8T6_OLED_Snake.elf.dir/Drivers/STM32F1xx_HAL_Driver/Src/stm32f1xx_hal_rcc_ex.c.obj
 .debug_loc     0x0000373f     0x47a8 CMakeFiles/C8T6_OLED_Snake.elf.dir/Drivers/STM32F1xx_HAL_Driver/Src/stm32f1xx_hal_tim.c.obj
 .debug_loc     0x00007ee7     0x1ade CMakeFiles/C8T6_OLED_Snake.elf.dir/Drivers/STM32F1xx_HAL_Driver/Src/stm32f1xx_hal_tim_ex.c.obj

.debug_aranges  0x00000000      0xc28
 .debug_aranges
                0x00000000       0x30 CMakeFiles/C8T6_OLED_Snake.elf.dir/Core/Src/adc.c.obj
 .debug_aranges
                0x00000030       0x30 CMakeFiles/C8T6_OLED_Snake.elf.dir/Core/Src/encoder.c.obj
 .debug_aranges
                0x00000060       0x20 CMakeFiles/C8T6_OLED_Snake.elf.dir/Core/Src/gpio.c.obj
 .debug_aranges
                0x00000080       0x30 CMakeFiles/C8T6_OLED_Snake.elf.dir/Core/Src/main.c.obj
 .debug_aranges
                0x000000b0       0x70 CMakeFiles/C8T6_OLED_Snake.elf.dir/Core/Src/oled.c.obj
 .debug_aranges
                0x00000120       0x98 CMakeFiles/C8T6_OLED_Snake.elf.dir/Core/Src/snake.c.obj
 .debug_aranges
                0x000001b8       0x20 CMakeFiles/C8T6_OLED_Snake.elf.dir/Core/Src/stm32f1xx_hal_msp.c.obj
 .debug_aranges
                0x000001d8       0x68 CMakeFiles/C8T6_OLED_Snake.elf.dir/Core/Src/stm32f1xx_it.c.obj
 .debug_aranges
                0x00000240       0xb0 CMakeFiles/C8T6_OLED_Snake.elf.dir/Core/Src/syscalls.c.obj
 .debug_aranges
                0x000002f0       0x28 CMakeFiles/C8T6_OLED_Snake.elf.dir/Core/Src/system_stm32f1xx.c.obj
 .debug_aranges
                0x00000318       0x38 CMakeFiles/C8T6_OLED_Snake.elf.dir/Core/Src/tim.c.obj
 .debug_aranges
                0x00000350       0xe0 CMakeFiles/C8T6_OLED_Snake.elf.dir/Drivers/STM32F1xx_HAL_Driver/Src/stm32f1xx_hal.c.obj
 .debug_aranges
                0x00000430       0xf0 CMakeFiles/C8T6_OLED_Snake.elf.dir/Drivers/STM32F1xx_HAL_Driver/Src/stm32f1xx_hal_adc.c.obj
 .debug_aranges
                0x00000520       0x90 CMakeFiles/C8T6_OLED_Snake.elf.dir/Drivers/STM32F1xx_HAL_Driver/Src/stm32f1xx_hal_cortex.c.obj
 .debug_aranges
                0x000005b0       0x58 CMakeFiles/C8T6_OLED_Snake.elf.dir/Drivers/STM32F1xx_HAL_Driver/Src/stm32f1xx_hal_gpio.c.obj
 .debug_aranges
                0x00000608       0x90 CMakeFiles/C8T6_OLED_Snake.elf.dir/Drivers/STM32F1xx_HAL_Driver/Src/stm32f1xx_hal_rcc.c.obj
 .debug_aranges
                0x00000698       0x30 CMakeFiles/C8T6_OLED_Snake.elf.dir/Drivers/STM32F1xx_HAL_Driver/Src/stm32f1xx_hal_rcc_ex.c.obj
 .debug_aranges
                0x000006c8      0x3d0 CMakeFiles/C8T6_OLED_Snake.elf.dir/Drivers/STM32F1xx_HAL_Driver/Src/stm32f1xx_hal_tim.c.obj
 .debug_aranges
                0x00000a98      0x168 CMakeFiles/C8T6_OLED_Snake.elf.dir/Drivers/STM32F1xx_HAL_Driver/Src/stm32f1xx_hal_tim_ex.c.obj
 .debug_aranges
                0x00000c00       0x28 CMakeFiles/C8T6_OLED_Snake.elf.dir/startup/startup_stm32f103xb.s.obj

.debug_ranges   0x00000000      0xbe8
 .debug_ranges  0x00000000       0x20 CMakeFiles/C8T6_OLED_Snake.elf.dir/Core/Src/adc.c.obj
 .debug_ranges  0x00000020       0x20 CMakeFiles/C8T6_OLED_Snake.elf.dir/Core/Src/encoder.c.obj
 .debug_ranges  0x00000040       0x10 CMakeFiles/C8T6_OLED_Snake.elf.dir/Core/Src/gpio.c.obj
 .debug_ranges  0x00000050       0x20 CMakeFiles/C8T6_OLED_Snake.elf.dir/Core/Src/main.c.obj
 .debug_ranges  0x00000070       0x60 CMakeFiles/C8T6_OLED_Snake.elf.dir/Core/Src/oled.c.obj
 .debug_ranges  0x000000d0       0xe8 CMakeFiles/C8T6_OLED_Snake.elf.dir/Core/Src/snake.c.obj
 .debug_ranges  0x000001b8       0x10 CMakeFiles/C8T6_OLED_Snake.elf.dir/Core/Src/stm32f1xx_hal_msp.c.obj
 .debug_ranges  0x000001c8       0x58 CMakeFiles/C8T6_OLED_Snake.elf.dir/Core/Src/stm32f1xx_it.c.obj
 .debug_ranges  0x00000220       0xa0 CMakeFiles/C8T6_OLED_Snake.elf.dir/Core/Src/syscalls.c.obj
 .debug_ranges  0x000002c0       0x18 CMakeFiles/C8T6_OLED_Snake.elf.dir/Core/Src/system_stm32f1xx.c.obj
 .debug_ranges  0x000002d8       0x28 CMakeFiles/C8T6_OLED_Snake.elf.dir/Core/Src/tim.c.obj
 .debug_ranges  0x00000300       0xd0 CMakeFiles/C8T6_OLED_Snake.elf.dir/Drivers/STM32F1xx_HAL_Driver/Src/stm32f1xx_hal.c.obj
 .debug_ranges  0x000003d0       0xe0 CMakeFiles/C8T6_OLED_Snake.elf.dir/Drivers/STM32F1xx_HAL_Driver/Src/stm32f1xx_hal_adc.c.obj
 .debug_ranges  0x000004b0       0xe0 CMakeFiles/C8T6_OLED_Snake.elf.dir/Drivers/STM32F1xx_HAL_Driver/Src/stm32f1xx_hal_cortex.c.obj
 .debug_ranges  0x00000590       0x48 CMakeFiles/C8T6_OLED_Snake.elf.dir/Drivers/STM32F1xx_HAL_Driver/Src/stm32f1xx_hal_gpio.c.obj
 .debug_ranges  0x000005d8       0xa0 CMakeFiles/C8T6_OLED_Snake.elf.dir/Drivers/STM32F1xx_HAL_Driver/Src/stm32f1xx_hal_rcc.c.obj
 .debug_ranges  0x00000678       0x38 CMakeFiles/C8T6_OLED_Snake.elf.dir/Drivers/STM32F1xx_HAL_Driver/Src/stm32f1xx_hal_rcc_ex.c.obj
 .debug_ranges  0x000006b0      0x3c0 CMakeFiles/C8T6_OLED_Snake.elf.dir/Drivers/STM32F1xx_HAL_Driver/Src/stm32f1xx_hal_tim.c.obj
 .debug_ranges  0x00000a70      0x158 CMakeFiles/C8T6_OLED_Snake.elf.dir/Drivers/STM32F1xx_HAL_Driver/Src/stm32f1xx_hal_tim_ex.c.obj
 .debug_ranges  0x00000bc8       0x20 CMakeFiles/C8T6_OLED_Snake.elf.dir/startup/startup_stm32f103xb.s.obj

.debug_line     0x00000000     0xc67a
 .debug_line    0x00000000      0x3bf CMakeFiles/C8T6_OLED_Snake.elf.dir/Core/Src/adc.c.obj
 .debug_line    0x000003bf      0x361 CMakeFiles/C8T6_OLED_Snake.elf.dir/Core/Src/encoder.c.obj
 .debug_line    0x00000720      0x309 CMakeFiles/C8T6_OLED_Snake.elf.dir/Core/Src/gpio.c.obj
 .debug_line    0x00000a29      0x3fb CMakeFiles/C8T6_OLED_Snake.elf.dir/Core/Src/main.c.obj
 .debug_line    0x00000e24      0x6ae CMakeFiles/C8T6_OLED_Snake.elf.dir/Core/Src/oled.c.obj
 .debug_line    0x000014d2      0x8fa CMakeFiles/C8T6_OLED_Snake.elf.dir/Core/Src/snake.c.obj
 .debug_line    0x00001dcc      0x23b CMakeFiles/C8T6_OLED_Snake.elf.dir/Core/Src/stm32f1xx_hal_msp.c.obj
 .debug_line    0x00002007      0x2c9 CMakeFiles/C8T6_OLED_Snake.elf.dir/Core/Src/stm32f1xx_it.c.obj
 .debug_line    0x000022d0      0x475 CMakeFiles/C8T6_OLED_Snake.elf.dir/Core/Src/syscalls.c.obj
 .debug_line    0x00002745      0x28c CMakeFiles/C8T6_OLED_Snake.elf.dir/Core/Src/system_stm32f1xx.c.obj
 .debug_line    0x000029d1      0x4de CMakeFiles/C8T6_OLED_Snake.elf.dir/Core/Src/tim.c.obj
 .debug_line    0x00002eaf      0x5ee CMakeFiles/C8T6_OLED_Snake.elf.dir/Drivers/STM32F1xx_HAL_Driver/Src/stm32f1xx_hal.c.obj
 .debug_line    0x0000349d      0xf6f CMakeFiles/C8T6_OLED_Snake.elf.dir/Drivers/STM32F1xx_HAL_Driver/Src/stm32f1xx_hal_adc.c.obj
 .debug_line    0x0000440c      0x6bc CMakeFiles/C8T6_OLED_Snake.elf.dir/Drivers/STM32F1xx_HAL_Driver/Src/stm32f1xx_hal_cortex.c.obj
 .debug_line    0x00004ac8      0x666 CMakeFiles/C8T6_OLED_Snake.elf.dir/Drivers/STM32F1xx_HAL_Driver/Src/stm32f1xx_hal_gpio.c.obj
 .debug_line    0x0000512e      0xcaf CMakeFiles/C8T6_OLED_Snake.elf.dir/Drivers/STM32F1xx_HAL_Driver/Src/stm32f1xx_hal_rcc.c.obj
 .debug_line    0x00005ddd      0x521 CMakeFiles/C8T6_OLED_Snake.elf.dir/Drivers/STM32F1xx_HAL_Driver/Src/stm32f1xx_hal_rcc_ex.c.obj
 .debug_line    0x000062fe     0x46e1 CMakeFiles/C8T6_OLED_Snake.elf.dir/Drivers/STM32F1xx_HAL_Driver/Src/stm32f1xx_hal_tim.c.obj
 .debug_line    0x0000a9df     0x1be1 CMakeFiles/C8T6_OLED_Snake.elf.dir/Drivers/STM32F1xx_HAL_Driver/Src/stm32f1xx_hal_tim_ex.c.obj
 .debug_line    0x0000c5c0       0xba CMakeFiles/C8T6_OLED_Snake.elf.dir/startup/startup_stm32f103xb.s.obj

.debug_str      0x00000000     0x3cb2
 .debug_str     0x00000000      0x606 CMakeFiles/C8T6_OLED_Snake.elf.dir/Core/Src/adc.c.obj
                                0x691 (size before relaxing)
 .debug_str     0x00000606      0x164 CMakeFiles/C8T6_OLED_Snake.elf.dir/Core/Src/encoder.c.obj
                                0x32f (size before relaxing)
 .debug_str     0x0000076a      0x385 CMakeFiles/C8T6_OLED_Snake.elf.dir/Core/Src/gpio.c.obj
                                0x5ec (size before relaxing)
 .debug_str     0x00000aef      0x299 CMakeFiles/C8T6_OLED_Snake.elf.dir/Core/Src/main.c.obj
                                0x4d3 (size before relaxing)
 .debug_str     0x00000d88       0xfc CMakeFiles/C8T6_OLED_Snake.elf.dir/Core/Src/oled.c.obj
                                0x312 (size before relaxing)
 .debug_str     0x00000e84      0x24e CMakeFiles/C8T6_OLED_Snake.elf.dir/Core/Src/snake.c.obj
                                0x4bb (size before relaxing)
 .debug_str     0x000010d2       0xb1 CMakeFiles/C8T6_OLED_Snake.elf.dir/Core/Src/stm32f1xx_hal_msp.c.obj
                                0x2ae (size before relaxing)
 .debug_str     0x00001183      0x11f CMakeFiles/C8T6_OLED_Snake.elf.dir/Core/Src/stm32f1xx_it.c.obj
                                0x2d6 (size before relaxing)
 .debug_str     0x000012a2      0x283 CMakeFiles/C8T6_OLED_Snake.elf.dir/Core/Src/syscalls.c.obj
                                0x492 (size before relaxing)
 .debug_str     0x00001525       0xb8 CMakeFiles/C8T6_OLED_Snake.elf.dir/Core/Src/system_stm32f1xx.c.obj
                                0x2c6 (size before relaxing)
 .debug_str     0x000015dd      0x418 CMakeFiles/C8T6_OLED_Snake.elf.dir/Core/Src/tim.c.obj
                                0x94f (size before relaxing)
 .debug_str     0x000019f5      0x31c CMakeFiles/C8T6_OLED_Snake.elf.dir/Drivers/STM32F1xx_HAL_Driver/Src/stm32f1xx_hal.c.obj
                                0x896 (size before relaxing)
 .debug_str     0x00001d11      0x37a CMakeFiles/C8T6_OLED_Snake.elf.dir/Drivers/STM32F1xx_HAL_Driver/Src/stm32f1xx_hal_adc.c.obj
                                0x945 (size before relaxing)
 .debug_str     0x0000208b      0x3ec CMakeFiles/C8T6_OLED_Snake.elf.dir/Drivers/STM32F1xx_HAL_Driver/Src/stm32f1xx_hal_cortex.c.obj
                                0x945 (size before relaxing)
 .debug_str     0x00002477      0x136 CMakeFiles/C8T6_OLED_Snake.elf.dir/Drivers/STM32F1xx_HAL_Driver/Src/stm32f1xx_hal_gpio.c.obj
                                0x472 (size before relaxing)
 .debug_str     0x000025ad      0x21f CMakeFiles/C8T6_OLED_Snake.elf.dir/Drivers/STM32F1xx_HAL_Driver/Src/stm32f1xx_hal_rcc.c.obj
                                0x69d (size before relaxing)
 .debug_str     0x000027cc       0xbe CMakeFiles/C8T6_OLED_Snake.elf.dir/Drivers/STM32F1xx_HAL_Driver/Src/stm32f1xx_hal_rcc_ex.c.obj
                                0x445 (size before relaxing)
 .debug_str     0x0000288a      0xe61 CMakeFiles/C8T6_OLED_Snake.elf.dir/Drivers/STM32F1xx_HAL_Driver/Src/stm32f1xx_hal_tim.c.obj
                               0x16aa (size before relaxing)
 .debug_str     0x000036eb      0x55e CMakeFiles/C8T6_OLED_Snake.elf.dir/Drivers/STM32F1xx_HAL_Driver/Src/stm32f1xx_hal_tim_ex.c.obj
                                0xeab (size before relaxing)
 .debug_str     0x00003c49       0x69 CMakeFiles/C8T6_OLED_Snake.elf.dir/startup/startup_stm32f103xb.s.obj
                                 0xb8 (size before relaxing)

.comment        0x00000000       0x49
 .comment       0x00000000       0x49 CMakeFiles/C8T6_OLED_Snake.elf.dir/Core/Src/adc.c.obj
                                 0x4a (size before relaxing)
 .comment       0x00000049       0x4a CMakeFiles/C8T6_OLED_Snake.elf.dir/Core/Src/encoder.c.obj
 .comment       0x00000049       0x4a CMakeFiles/C8T6_OLED_Snake.elf.dir/Core/Src/gpio.c.obj
 .comment       0x00000049       0x4a CMakeFiles/C8T6_OLED_Snake.elf.dir/Core/Src/main.c.obj
 .comment       0x00000049       0x4a CMakeFiles/C8T6_OLED_Snake.elf.dir/Core/Src/oled.c.obj
 .comment       0x00000049       0x4a CMakeFiles/C8T6_OLED_Snake.elf.dir/Core/Src/snake.c.obj
 .comment       0x00000049       0x4a CMakeFiles/C8T6_OLED_Snake.elf.dir/Core/Src/stm32f1xx_hal_msp.c.obj
 .comment       0x00000049       0x4a CMakeFiles/C8T6_OLED_Snake.elf.dir/Core/Src/stm32f1xx_it.c.obj
 .comment       0x00000049       0x4a CMakeFiles/C8T6_OLED_Snake.elf.dir/Core/Src/syscalls.c.obj
 .comment       0x00000049       0x4a CMakeFiles/C8T6_OLED_Snake.elf.dir/Core/Src/system_stm32f1xx.c.obj
 .comment       0x00000049       0x4a CMakeFiles/C8T6_OLED_Snake.elf.dir/Core/Src/tim.c.obj
 .comment       0x00000049       0x4a CMakeFiles/C8T6_OLED_Snake.elf.dir/Drivers/STM32F1xx_HAL_Driver/Src/stm32f1xx_hal.c.obj
 .comment       0x00000049       0x4a CMakeFiles/C8T6_OLED_Snake.elf.dir/Drivers/STM32F1xx_HAL_Driver/Src/stm32f1xx_hal_adc.c.obj
 .comment       0x00000049       0x4a CMakeFiles/C8T6_OLED_Snake.elf.dir/Drivers/STM32F1xx_HAL_Driver/Src/stm32f1xx_hal_cortex.c.obj
 .comment       0x00000049       0x4a CMakeFiles/C8T6_OLED_Snake.elf.dir/Drivers/STM32F1xx_HAL_Driver/Src/stm32f1xx_hal_gpio.c.obj
 .comment       0x00000049       0x4a CMakeFiles/C8T6_OLED_Snake.elf.dir/Drivers/STM32F1xx_HAL_Driver/Src/stm32f1xx_hal_rcc.c.obj
 .comment       0x00000049       0x4a CMakeFiles/C8T6_OLED_Snake.elf.dir/Drivers/STM32F1xx_HAL_Driver/Src/stm32f1xx_hal_rcc_ex.c.obj
 .comment       0x00000049       0x4a CMakeFiles/C8T6_OLED_Snake.elf.dir/Drivers/STM32F1xx_HAL_Driver/Src/stm32f1xx_hal_tim.c.obj
 .comment       0x00000049       0x4a CMakeFiles/C8T6_OLED_Snake.elf.dir/Drivers/STM32F1xx_HAL_Driver/Src/stm32f1xx_hal_tim_ex.c.obj

.debug_frame    0x00000000     0x22f4
 .debug_frame   0x00000000       0x68 CMakeFiles/C8T6_OLED_Snake.elf.dir/Core/Src/adc.c.obj
 .debug_frame   0x00000068       0x54 CMakeFiles/C8T6_OLED_Snake.elf.dir/Core/Src/encoder.c.obj
 .debug_frame   0x000000bc       0x38 CMakeFiles/C8T6_OLED_Snake.elf.dir/Core/Src/gpio.c.obj
 .debug_frame   0x000000f4       0x58 CMakeFiles/C8T6_OLED_Snake.elf.dir/Core/Src/main.c.obj
 .debug_frame   0x0000014c      0x13c CMakeFiles/C8T6_OLED_Snake.elf.dir/Core/Src/oled.c.obj
 .debug_frame   0x00000288      0x1a8 CMakeFiles/C8T6_OLED_Snake.elf.dir/Core/Src/snake.c.obj
 .debug_frame   0x00000430       0x2c CMakeFiles/C8T6_OLED_Snake.elf.dir/Core/Src/stm32f1xx_hal_msp.c.obj
 .debug_frame   0x0000045c       0xc0 CMakeFiles/C8T6_OLED_Snake.elf.dir/Core/Src/stm32f1xx_it.c.obj
 .debug_frame   0x0000051c      0x1a8 CMakeFiles/C8T6_OLED_Snake.elf.dir/Core/Src/syscalls.c.obj
 .debug_frame   0x000006c4       0x30 CMakeFiles/C8T6_OLED_Snake.elf.dir/Core/Src/system_stm32f1xx.c.obj
 .debug_frame   0x000006f4       0x88 CMakeFiles/C8T6_OLED_Snake.elf.dir/Core/Src/tim.c.obj
 .debug_frame   0x0000077c      0x1cc CMakeFiles/C8T6_OLED_Snake.elf.dir/Drivers/STM32F1xx_HAL_Driver/Src/stm32f1xx_hal.c.obj
 .debug_frame   0x00000948      0x2c4 CMakeFiles/C8T6_OLED_Snake.elf.dir/Drivers/STM32F1xx_HAL_Driver/Src/stm32f1xx_hal_adc.c.obj
 .debug_frame   0x00000c0c      0x118 CMakeFiles/C8T6_OLED_Snake.elf.dir/Drivers/STM32F1xx_HAL_Driver/Src/stm32f1xx_hal_cortex.c.obj
 .debug_frame   0x00000d24       0xe4 CMakeFiles/C8T6_OLED_Snake.elf.dir/Drivers/STM32F1xx_HAL_Driver/Src/stm32f1xx_hal_gpio.c.obj
 .debug_frame   0x00000e08      0x190 CMakeFiles/C8T6_OLED_Snake.elf.dir/Drivers/STM32F1xx_HAL_Driver/Src/stm32f1xx_hal_rcc.c.obj
 .debug_frame   0x00000f98       0x64 CMakeFiles/C8T6_OLED_Snake.elf.dir/Drivers/STM32F1xx_HAL_Driver/Src/stm32f1xx_hal_rcc_ex.c.obj
 .debug_frame   0x00000ffc      0xb18 CMakeFiles/C8T6_OLED_Snake.elf.dir/Drivers/STM32F1xx_HAL_Driver/Src/stm32f1xx_hal_tim.c.obj
 .debug_frame   0x00001b14      0x40c CMakeFiles/C8T6_OLED_Snake.elf.dir/Drivers/STM32F1xx_HAL_Driver/Src/stm32f1xx_hal_tim_ex.c.obj
 .debug_frame   0x00001f20       0x20 d:/tool/gcc-arm-none-eabi-10.3-2021.10/bin/../lib/gcc/arm-none-eabi/10.3.1/../../../../arm-none-eabi/lib/thumb/v7-m/nofp\libg.a(lib_a-errno.o)
 .debug_frame   0x00001f40       0x2c d:/tool/gcc-arm-none-eabi-10.3-2021.10/bin/../lib/gcc/arm-none-eabi/10.3.1/../../../../arm-none-eabi/lib/thumb/v7-m/nofp\libg.a(lib_a-init.o)
 .debug_frame   0x00001f6c       0x30 d:/tool/gcc-arm-none-eabi-10.3-2021.10/bin/../lib/gcc/arm-none-eabi/10.3.1/../../../../arm-none-eabi/lib/thumb/v7-m/nofp\libg.a(lib_a-malloc.o)
 .debug_frame   0x00001f9c       0x4c d:/tool/gcc-arm-none-eabi-10.3-2021.10/bin/../lib/gcc/arm-none-eabi/10.3.1/../../../../arm-none-eabi/lib/thumb/v7-m/nofp\libg.a(lib_a-mallocr.o)
 .debug_frame   0x00001fe8       0x2c d:/tool/gcc-arm-none-eabi-10.3-2021.10/bin/../lib/gcc/arm-none-eabi/10.3.1/../../../../arm-none-eabi/lib/thumb/v7-m/nofp\libg.a(lib_a-memset.o)
 .debug_frame   0x00002014       0x30 d:/tool/gcc-arm-none-eabi-10.3-2021.10/bin/../lib/gcc/arm-none-eabi/10.3.1/../../../../arm-none-eabi/lib/thumb/v7-m/nofp\libg.a(lib_a-mlock.o)
 .debug_frame   0x00002044       0x2c d:/tool/gcc-arm-none-eabi-10.3-2021.10/bin/../lib/gcc/arm-none-eabi/10.3.1/../../../../arm-none-eabi/lib/thumb/v7-m/nofp\libg.a(lib_a-sbrkr.o)
 .debug_frame   0x00002070       0x5c d:/tool/gcc-arm-none-eabi-10.3-2021.10/bin/../lib/gcc/arm-none-eabi/10.3.1/../../../../arm-none-eabi/lib/thumb/v7-m/nofp\libg.a(lib_a-__call_atexit.o)
 .debug_frame   0x000020cc       0x20 d:/tool/gcc-arm-none-eabi-10.3-2021.10/bin/../lib/gcc/arm-none-eabi/10.3.1/../../../../arm-none-eabi/lib/thumb/v7-m/nofp\libg.a(lib_a-atexit.o)
 .debug_frame   0x000020ec       0x34 d:/tool/gcc-arm-none-eabi-10.3-2021.10/bin/../lib/gcc/arm-none-eabi/10.3.1/../../../../arm-none-eabi/lib/thumb/v7-m/nofp\libg.a(lib_a-fini.o)
 .debug_frame   0x00002120       0x8c d:/tool/gcc-arm-none-eabi-10.3-2021.10/bin/../lib/gcc/arm-none-eabi/10.3.1/../../../../arm-none-eabi/lib/thumb/v7-m/nofp\libg.a(lib_a-freer.o)
 .debug_frame   0x000021ac       0xb0 d:/tool/gcc-arm-none-eabi-10.3-2021.10/bin/../lib/gcc/arm-none-eabi/10.3.1/../../../../arm-none-eabi/lib/thumb/v7-m/nofp\libg.a(lib_a-lock.o)
 .debug_frame   0x0000225c       0x64 d:/tool/gcc-arm-none-eabi-10.3-2021.10/bin/../lib/gcc/arm-none-eabi/10.3.1/../../../../arm-none-eabi/lib/thumb/v7-m/nofp\libg.a(lib_a-reent.o)
 .debug_frame   0x000022c0       0x34 d:/tool/gcc-arm-none-eabi-10.3-2021.10/bin/../lib/gcc/arm-none-eabi/10.3.1/../../../../arm-none-eabi/lib/thumb/v7-m/nofp\libg.a(lib_a-__atexit.o)
